[
  {
    "id": 1,
    "name": "Chicken Burger",
    "description": "Chicken Burgar with cheese and egg",
    "price": 14.00
  }
]