{
  "id": 1,
  "owner": "ID owner",
  "documentID": "28.193.446/0001-07",
  "name": "Japonese Restaurant",
  "location": {
    "latitude": 999.9,
    "longitude": 999.9
  }
}