{
  "description": "Super Mini Chicken with extra bacon",
  "id": 44,
  "name": "Mini Chicken",
  "price": 9.99
}