{
  "id": 99,
  "location": {
    "latitude": 999.9,
    "longitude": 999.9
  },
  "name": "Japanese Restaurant",
  "owner": "ID keyclock"
}