[
  {
    "id": 1,
    "name": "Mini Chicken",
    "description": "Mini Chicken with bacon",
    "price": 9.00
  }
]