[
  {
    "id": 10,
    "name": "Mini Chicken",
    "description": "Mini Chicken with bacon",
    "price": 109.00
  }
]